# Real build log — qemu / ubuntu2404 / 2026-08-14
#
# Produced by:
#   packer build -only='linux.qemu.linux' \
#     -var-file=packer/linux/ubuntu2404.pkrvars.hcl \
#     -var iso_url=<local path to verified ubuntu-24.04.4-live-server-amd64.iso> \
#     -var git_commit=b2397bf packer/linux
#
# Host: Linux x86_64, QEMU 10.x with KVM. Sanitised: ANSI colour stripped,
# home directory paths replaced with ~. Nothing else altered.
#
# Result: SUCCESS in 14m04s. Same eight filesystems as the Rocky build;
# ext4 rather than xfs, and AppArmor rather than SELinux — see ADR-0014.
#
# NOTE: the FIRST attempt at this build failed at exit 127, after a
# completely successful install, because the shared verification
# provisioner ran 'getenforce' — which does not exist on Ubuntu. That
# failure is why the image standard claims 'mandatory access control',
# not 'SELinux'. ADR-0014 has the reasoning.

linux.qemu.linux: output will be in this color.

==> linux.qemu.linux: Retrieving ISO
==> linux.qemu.linux: Trying ~/.cache/golden-image-factory/isos/ubuntu-24.04.4-live-server-amd64.iso
==> linux.qemu.linux: Trying ~/.cache/golden-image-factory/isos/ubuntu-24.04.4-live-server-amd64.iso?checksum=sha256%3Ae907d92eeec9df64163a7e454cbc8d7755e8ddc7ed42f99dbc80c40f1a138433
==> linux.qemu.linux: ~/.cache/golden-image-factory/isos/ubuntu-24.04.4-live-server-amd64.iso?checksum=sha256%3Ae907d92eeec9df64163a7e454cbc8d7755e8ddc7ed42f99dbc80c40f1a138433 => ~/.cache/golden-image-factory/isos/ubuntu-24.04.4-live-server-amd64.iso
==> linux.qemu.linux: Starting HTTP server on port 8618
==> linux.qemu.linux: Found port for communicator (SSH, WinRM, etc): 3086.
==> linux.qemu.linux: Using existing SSH private key
==> linux.qemu.linux: Looking for available port between 5900 and 6000 on 127.0.0.1
==> linux.qemu.linux: Starting VM, booting from CD-ROM
==> linux.qemu.linux: The VM will be run headless, without a GUI. If you want to
==> linux.qemu.linux: view the screen of the VM, connect via VNC without a password to
==> linux.qemu.linux: vnc://127.0.0.1:5996
==> linux.qemu.linux: Overriding default Qemu arguments with qemuargs template option...
==> linux.qemu.linux: Waiting 5s for boot...
==> linux.qemu.linux: Connecting to VM via VNC (127.0.0.1:5996)
==> linux.qemu.linux: Typing the boot commands over VNC...
==> linux.qemu.linux: Not using a NetBridge -- skipping StepWaitGuestAddress
==> linux.qemu.linux: Using SSH communicator to connect: 127.0.0.1
==> linux.qemu.linux: Waiting for SSH to become available...
==> linux.qemu.linux: Connected to SSH!
==> linux.qemu.linux: Provisioning with shell script: /tmp/packer-shell823610734
==> linux.qemu.linux: --- image build info ---
==> linux.qemu.linux: IMAGE_NAME=ubuntu2404
==> linux.qemu.linux: IMAGE_VERSION=0.1.0
==> linux.qemu.linux: GIT_COMMIT=b2397bf
==> linux.qemu.linux: SOURCE_ISO_CHECKSUM=sha256:e907d92eeec9df64163a7e454cbc8d7755e8ddc7ed42f99dbc80c40f1a138433
==> linux.qemu.linux: BUILD_DATE=2026-08-14T10:03:53Z
==> linux.qemu.linux: BUILDER=qemu
==> linux.qemu.linux: --- filesystem layout ---
==> linux.qemu.linux: TARGET               SOURCE                        FSTYPE OPTIONS
==> linux.qemu.linux: /                    /dev/mapper/vg_root-lv_root   ext4   rw,relatime
==> linux.qemu.linux: ├─/tmp               /dev/mapper/vg_root-lv_tmp    ext4   rw,relatime
==> linux.qemu.linux: ├─/home              /dev/mapper/vg_root-lv_home   ext4   rw,relatime
==> linux.qemu.linux: ├─/var               /dev/mapper/vg_root-lv_var    ext4   rw,relatime
==> linux.qemu.linux: │ ├─/var/log         /dev/mapper/vg_root-lv_log    ext4   rw,relatime
==> linux.qemu.linux: │ │ └─/var/log/audit /dev/mapper/vg_root-lv_audit  ext4   rw,relatime
==> linux.qemu.linux: │ └─/var/tmp         /dev/mapper/vg_root-lv_vartmp ext4   rw,relatime
==> linux.qemu.linux: └─/boot              /dev/vda1                     ext4   rw,relatime
==> linux.qemu.linux: --- mandatory access control ---
==> linux.qemu.linux: AppArmor: Yes
==> linux.qemu.linux: Gracefully halting virtual machine...
==> linux.qemu.linux: Converting hard drive...
==> linux.qemu.linux: Running post-processor:  (type manifest)
Build 'linux.qemu.linux' finished after 14 minutes 4 seconds.

==> Wait completed after 14 minutes 4 seconds

==> Builds finished. The artifacts of successful builds are:
--> linux.qemu.linux: VM files in directory: builds/qemu-ubuntu2404-0.1.0
--> linux.qemu.linux: VM files in directory: builds/qemu-ubuntu2404-0.1.0
