# Real build log — qemu / rocky9 / 2026-08-14
#
# Produced by:
#   packer build -only='linux.qemu.linux' \
#     -var-file=packer/linux/rocky9.pkrvars.hcl \
#     -var iso_url=<local path to verified Rocky-9.8-x86_64-boot.iso> \
#     -var git_commit=43f13ef packer/linux
#
# Host: Linux x86_64, QEMU 10.x with KVM. Sanitised: ANSI colour stripped,
# home directory paths replaced with ~, VNC/SSH host ports left as-is (they
# are loopback-only and ephemeral). Nothing else altered — this is the real
# output of the build that produced builds/qemu-rocky9-0.1.0.
#
# Result: SUCCESS in 13m24s.

linux.qemu.linux: output will be in this color.

==> linux.qemu.linux: Retrieving ISO
==> linux.qemu.linux: Trying ~/.cache/golden-image-factory/isos/Rocky-9.8-x86_64-boot.iso
==> linux.qemu.linux: Trying ~/.cache/golden-image-factory/isos/Rocky-9.8-x86_64-boot.iso?checksum=sha256%3Ad6eeefdc8437c593d41a3150fcca4a734c55642ed472eecdda99720bb1370881
==> linux.qemu.linux: ~/.cache/golden-image-factory/isos/Rocky-9.8-x86_64-boot.iso?checksum=sha256%3Ad6eeefdc8437c593d41a3150fcca4a734c55642ed472eecdda99720bb1370881 => ~/.cache/golden-image-factory/isos/Rocky-9.8-x86_64-boot.iso
==> linux.qemu.linux: Starting HTTP server on port 8355
==> linux.qemu.linux: Found port for communicator (SSH, WinRM, etc): 3866.
==> linux.qemu.linux: Using existing SSH private key
==> linux.qemu.linux: Looking for available port between 5900 and 6000 on 127.0.0.1
==> linux.qemu.linux: Starting VM, booting from CD-ROM
==> linux.qemu.linux: The VM will be run headless, without a GUI. If you want to
==> linux.qemu.linux: view the screen of the VM, connect via VNC without a password to
==> linux.qemu.linux: vnc://127.0.0.1:5975
==> linux.qemu.linux: Overriding default Qemu arguments with qemuargs template option...
==> linux.qemu.linux: Waiting 10s for boot...
==> linux.qemu.linux: Connecting to VM via VNC (127.0.0.1:5975)
==> linux.qemu.linux: Typing the boot commands over VNC...
==> linux.qemu.linux: Not using a NetBridge -- skipping StepWaitGuestAddress
==> linux.qemu.linux: Using SSH communicator to connect: 127.0.0.1
==> linux.qemu.linux: Waiting for SSH to become available...
==> linux.qemu.linux: Connected to SSH!
==> linux.qemu.linux: Provisioning with shell script: /tmp/packer-shell2178373271
==> linux.qemu.linux: --- image build info ---
==> linux.qemu.linux: IMAGE_NAME=rocky9
==> linux.qemu.linux: IMAGE_VERSION=0.1.0
==> linux.qemu.linux: GIT_COMMIT=43f13ef
==> linux.qemu.linux: SOURCE_ISO_CHECKSUM=sha256:d6eeefdc8437c593d41a3150fcca4a734c55642ed472eecdda99720bb1370881
==> linux.qemu.linux: BUILD_DATE=2026-08-14T09:23:45Z
==> linux.qemu.linux: BUILDER=qemu
==> linux.qemu.linux: --- filesystem layout ---
==> linux.qemu.linux: TARGET               SOURCE                        FSTYPE OPTIONS
==> linux.qemu.linux: /                    /dev/mapper/vg_root-lv_root   xfs    rw,relatime,seclabel,attr2,inode64,logbufs=8,logbsize=32k,noquota
==> linux.qemu.linux: ├─/boot              /dev/vda1                     xfs    rw,relatime,seclabel,attr2,inode64,logbufs=8,logbsize=32k,noquota
==> linux.qemu.linux: ├─/home              /dev/mapper/vg_root-lv_home   xfs    rw,relatime,seclabel,attr2,inode64,logbufs=8,logbsize=32k,noquota
==> linux.qemu.linux: ├─/tmp               /dev/mapper/vg_root-lv_tmp    xfs    rw,relatime,seclabel,attr2,inode64,logbufs=8,logbsize=32k,noquota
==> linux.qemu.linux: └─/var               /dev/mapper/vg_root-lv_var    xfs    rw,relatime,seclabel,attr2,inode64,logbufs=8,logbsize=32k,noquota
==> linux.qemu.linux:   ├─/var/log         /dev/mapper/vg_root-lv_log    xfs    rw,relatime,seclabel,attr2,inode64,logbufs=8,logbsize=32k,noquota
==> linux.qemu.linux:   │ └─/var/log/audit /dev/mapper/vg_root-lv_audit  xfs    rw,relatime,seclabel,attr2,inode64,logbufs=8,logbsize=32k,noquota
==> linux.qemu.linux:   └─/var/tmp         /dev/mapper/vg_root-lv_vartmp xfs    rw,relatime,seclabel,attr2,inode64,logbufs=8,logbsize=32k,noquota
==> linux.qemu.linux: --- selinux ---
==> linux.qemu.linux: Enforcing
==> linux.qemu.linux: Gracefully halting virtual machine...
==> linux.qemu.linux: Converting hard drive...
==> linux.qemu.linux: Running post-processor:  (type manifest)
Build 'linux.qemu.linux' finished after 13 minutes 24 seconds.

==> Wait completed after 13 minutes 24 seconds

==> Builds finished. The artifacts of successful builds are:
--> linux.qemu.linux: VM files in directory: builds/qemu-rocky9-0.1.0
--> linux.qemu.linux: VM files in directory: builds/qemu-rocky9-0.1.0
